LENOVO@LAPTOP-ULDSRPO8 MINGW64 /c/xampp/htdocs/tutsmake
$ cd expressfirst

LENOVO@LAPTOP-ULDSRPO8 MINGW64 /c/xampp/htdocs/tutsmake/expressfirst
$ npm install
npm ERR! code ENOENT
npm ERR! syscall open
npm ERR! path C:\xampp\htdocs\tutsmake\expressfirst/package.json

LENOVO@LAPTOP-ULDSRPO8 MINGW64 /c/xampp/htdocs/tutsmake/expressfirst
$ npm init
This utility will walk you through creating a package.json file.
It only covers the most common items, and tries to guess sensible defaults.

See `npm help init` for definitive documentation on these fields
and exactly what they do.

Use `npm install <pkg>` afterwards to install a package and
save it as a dependency in the package.json file.

Press ^C at any time to quit.
package name: (expressfirst)

LENOVO@LAPTOP-ULDSRPO8 MINGW64 /c/xampp/htdocs/tutsmake/expressfirst
$ npm init
This utility will walk you through creating a package.json file.
It only covers the most common items, and tries to guess sensible defaults.

See `npm help init` for definitive documentation on these fields
and exactly what they do.

Use `npm install <pkg>` afterwards to install a package and
save it as a dependency in the package.json file.

Press ^C at any time to quit.
package name: (expressfirst)
version: (1.0.0)
description: Membuat Project CRUD expressjs dan database 
entry point: (index.js)
test command:
git repository:
keywords: 
author: elva
license: (ISC)
About to write to C:\xampp\htdocs\tutsmake\expressfirst\package.json:

{
  "name": "expressfirst",
  "version": "1.0.0",
  "description": "Membuat Project CRUD expressjs dan database ",
  "main": "index.js",
  "scripts": {
    "test": "echo \"Error: no test specified\" && exit 1"
  },
  "author": "elva",
  "license": "ISC"
}


Is this OK? (yes)

LENOVO@LAPTOP-ULDSRPO8 MINGW64 /c/xampp/htdocs/tutsmake/expressfirst
$ npm install

up to date, audited 1 package in 598ms

found 0 vulnerabilities

LENOVO@LAPTOP-ULDSRPO8 MINGW64 /c/xampp/htdocs/tutsmake/expressfirst
$ npm install express-flash --save

added 2 packages, and audited 3 packages in 4s

found 0 vulnerabilities

LENOVO@LAPTOP-ULDSRPO8 MINGW64 /c/xampp/htdocs/tutsmake/expressfirst
$ npm install express-session --save

added 11 packages, and audited 14 packages in 4s

1 package is looking for funding
  run `npm fund` for details

found 0 vulnerabilities

LENOVO@LAPTOP-ULDSRPO8 MINGW64 /c/xampp/htdocs/tutsmake/expressfirst
$ npm install express-validator --save

added 3 packages, and audited 17 packages in 18s

1 package is looking for funding
  run `npm fund` for details

found 0 vulnerabilities

LENOVO@LAPTOP-ULDSRPO8 MINGW64 /c/xampp/htdocs/tutsmake/expressfirst
$ npm install method-override --save

added 4 packages, and audited 21 packages in 4s

1 package is looking for funding
  run `npm fund` for details

found 0 vulnerabilities

LENOVO@LAPTOP-ULDSRPO8 MINGW64 /c/xampp/htdocs/tutsmake/expressfirst
$ npm install mysql --save

added 13 packages, and audited 34 packages in 6s

1 package is looking for funding
  run `npm fund` for details

found 0 vulnerabilities